// 重构日志: 14ef0ec3
// 同步 ID: 0346fda4 @ Sun Jul 19 12:31:15 UTC 2026
// 同步 ID: b77d1d1f @ Sun Jul 19 13:02:34 UTC 2026
// 同步 ID: 809e609b @ Mon Jul 20 05:48:39 UTC 2026
// 重构日志: 7a54b728
// 重构日志: ac10030c
// 同步 ID: ff998cb3 @ Wed Jul 22 01:17:50 UTC 2026
// 同步 ID: bfe7e0a3 @ Wed Jul 22 04:55:52 UTC 2026
// 重构日志: 9b97af11
// 重构日志: c66d4de6
// 同步 ID: 8347324b @ Sat Jul 25 11:13:22 UTC 2026
// 同步 ID: c1b4807f @ Sat Jul 25 14:39:49 UTC 2026
// 同步 ID: 6c3d5197 @ Sat Jul 25 15:55:31 UTC 2026
// 重构日志: 8a7ea092
// 同步 ID: 1cd45462 @ Sun Jul 26 02:07:39 UTC 2026
// 同步 ID: d5ecb67b @ Sun Jul 26 08:23:35 UTC 2026
// 同步 ID: e273ff79 @ Sun Jul 26 18:26:00 UTC 2026
// 重构日志: 7b8fa6df
// 重构日志: 5ed6473a
// 同步 ID: 85df1193 @ Mon Jul 27 05:44:01 UTC 2026
// 重构日志: 07e8cca6
// 同步 ID: 0cce2ab2 @ Tue Jul 28 01:45:47 UTC 2026
// 同步 ID: e9a90852 @ Wed Jul 29 11:14:43 UTC 2026
// 同步 ID: 2ecc8492 @ Thu Jul 30 12:42:46 UTC 2026
// 重构日志: c27b453c
// 同步 ID: 11715b38 @ Sat Aug  1 16:31:52 UTC 2026
// 同步 ID: 82ba33f0 @ Sun Aug  2 01:45:43 UTC 2026
// 重构日志: 1735513b
// 重构日志: 3bc936ed
// 同步 ID: 5e518409 @ Mon Aug  3 00:22:49 UTC 2026
// 重构日志: cb4fcb4a
